// Jest Snapshot v1, https://goo.gl/fbAQLP

exports[`Audio renders correctly 1`] = `
<div
  className="drum-pad"
  id="drum-pad-container-src"
  onClick={[Function]}
  style={
    Object {
      "backgroundColor": "#b2dfdb",
      "color": "white",
      "padding": 25,
    }
  }
>
  K
  <audio
    className="clip"
    id="K"
    onEnded={[Function]}
    onPlay={[Function]}
    src="src"
    volume={0.5}
  >
    Unfortunately, it seems your browser does not support HTML5 audio, and this drum machine relies heavily on it
  </audio>
</div>
`;
